[
  {
    "1K-blocks": "8133736",
    "Available": "8133736",
    "Filesystem": "udev",
    "Mounted on": "/dev",
    "Use%": "0%",
    "Used": "0"
  },
  {
    "1K-blocks": "1631580",
    "Available": "1629424",
    "Filesystem": "tmpfs",
    "Mounted on": "/run",
    "Use%": "1%",
    "Used": "2156"
  },
  {
    "1K-blocks": "236102400",
    "Available": "145185244",
    "Filesystem": "/dev/sdb2",
    "Mounted on": "/",
    "Use%": "36%",
    "Used": "78900724"
  },
  {
    "1K-blocks": "8157884",
    "Available": "7987532",
    "Filesystem": "tmpfs",
    "Mounted on": "/dev/shm",
    "Use%": "3%",
    "Used": "170352"
  },
  {
    "1K-blocks": "5120",
    "Available": "5116",
    "Filesystem": "tmpfs",
    "Mounted on": "/run/lock",
    "Use%": "1%",
    "Used": "4"
  },
  {
    "1K-blocks": "8157884",
    "Available": "8157884",
    "Filesystem": "tmpfs",
    "Mounted on": "/sys/fs/cgroup",
    "Use%": "0%",
    "Used": "0"
  },
  {
    "1K-blocks": "304256",
    "Available": "0",
    "Filesystem": "/dev/loop0",
    "Mounted on": "/snap/pycharm-community/128",
    "Use%": "100%",
    "Used": "304256"
  },
  {
    "1K-blocks": "304256",
    "Available": "0",
    "Filesystem": "/dev/loop1",
    "Mounted on": "/snap/pycharm-community/132",
    "Use%": "100%",
    "Used": "304256"
  },
  {
    "1K-blocks": "8704",
    "Available": "0",
    "Filesystem": "/dev/loop2",
    "Mounted on": "/snap/canonical-livepatch/77",
    "Use%": "100%",
    "Used": "8704"
  },
  {
    "1K-blocks": "147840",
    "Available": "0",
    "Filesystem": "/dev/loop3",
    "Mounted on": "/snap/skype/63",
    "Use%": "100%",
    "Used": "147840"
  },
  {
    "1K-blocks": "150912",
    "Available": "0",
    "Filesystem": "/dev/loop4",
    "Mounted on": "/snap/skype/66",
    "Use%": "100%",
    "Used": "150912"
  },
  {
    "1K-blocks": "90624",
    "Available": "0",
    "Filesystem": "/dev/loop5",
    "Mounted on": "/snap/core/7270",
    "Use%": "100%",
    "Used": "90624"
  },
  {
    "1K-blocks": "145280",
    "Available": "0",
    "Filesystem": "/dev/loop6",
    "Mounted on": "/snap/skype/60",
    "Use%": "100%",
    "Used": "145280"
  },
  {
    "1K-blocks": "8704",
    "Available": "0",
    "Filesystem": "/dev/loop8",
    "Mounted on": "/snap/canonical-livepatch/81",
    "Use%": "100%",
    "Used": "8704"
  },
  {
    "1K-blocks": "90624",
    "Available": "0",
    "Filesystem": "/dev/loop7",
    "Mounted on": "/snap/core/7169",
    "Use%": "100%",
    "Used": "90624"
  },
  {
    "1K-blocks": "1922727728",
    "Available": "1833563952",
    "Filesystem": "/dev/sda1",
    "Mounted on": "/media/mrbruno/ExtraDrive1",
    "Use%": "5%",
    "Used": "89147392"
  },
  {
    "1K-blocks": "1631576",
    "Available": "1631560",
    "Filesystem": "tmpfs",
    "Mounted on": "/run/user/125",
    "Use%": "1%",
    "Used": "16"
  },
  {
    "1K-blocks": "1631576",
    "Available": "1631516",
    "Filesystem": "tmpfs",
    "Mounted on": "/run/user/1000",
    "Use%": "1%",
    "Used": "60"
  }
]
