[
  {
    "Available": "8133736",
    "Filesystem": "udev",
    "Mounted_on": "/dev",
    "Use_": "0%",
    "Used": "0",
    "_1K_blocks": "8133736"
  },
  {
    "Available": "1629424",
    "Filesystem": "tmpfs",
    "Mounted_on": "/run",
    "Use_": "1%",
    "Used": "2156",
    "_1K_blocks": "1631580"
  },
  {
    "Available": "145185244",
    "Filesystem": "/dev/sdb2",
    "Mounted_on": "/",
    "Use_": "36%",
    "Used": "78900724",
    "_1K_blocks": "236102400"
  },
  {
    "Available": "7987532",
    "Filesystem": "tmpfs",
    "Mounted_on": "/dev/shm",
    "Use_": "3%",
    "Used": "170352",
    "_1K_blocks": "8157884"
  },
  {
    "Available": "5116",
    "Filesystem": "tmpfs",
    "Mounted_on": "/run/lock",
    "Use_": "1%",
    "Used": "4",
    "_1K_blocks": "5120"
  },
  {
    "Available": "8157884",
    "Filesystem": "tmpfs",
    "Mounted_on": "/sys/fs/cgroup",
    "Use_": "0%",
    "Used": "0",
    "_1K_blocks": "8157884"
  },
  {
    "Available": "0",
    "Filesystem": "/dev/loop0",
    "Mounted_on": "/snap/pycharm-community/128",
    "Use_": "100%",
    "Used": "304256",
    "_1K_blocks": "304256"
  },
  {
    "Available": "0",
    "Filesystem": "/dev/loop1",
    "Mounted_on": "/snap/pycharm-community/132",
    "Use_": "100%",
    "Used": "304256",
    "_1K_blocks": "304256"
  },
  {
    "Available": "0",
    "Filesystem": "/dev/loop2",
    "Mounted_on": "/snap/canonical-livepatch/77",
    "Use_": "100%",
    "Used": "8704",
    "_1K_blocks": "8704"
  },
  {
    "Available": "0",
    "Filesystem": "/dev/loop3",
    "Mounted_on": "/snap/skype/63",
    "Use_": "100%",
    "Used": "147840",
    "_1K_blocks": "147840"
  },
  {
    "Available": "0",
    "Filesystem": "/dev/loop4",
    "Mounted_on": "/snap/skype/66",
    "Use_": "100%",
    "Used": "150912",
    "_1K_blocks": "150912"
  },
  {
    "Available": "0",
    "Filesystem": "/dev/loop5",
    "Mounted_on": "/snap/core/7270",
    "Use_": "100%",
    "Used": "90624",
    "_1K_blocks": "90624"
  },
  {
    "Available": "0",
    "Filesystem": "/dev/loop6",
    "Mounted_on": "/snap/skype/60",
    "Use_": "100%",
    "Used": "145280",
    "_1K_blocks": "145280"
  },
  {
    "Available": "0",
    "Filesystem": "/dev/loop8",
    "Mounted_on": "/snap/canonical-livepatch/81",
    "Use_": "100%",
    "Used": "8704",
    "_1K_blocks": "8704"
  },
  {
    "Available": "0",
    "Filesystem": "/dev/loop7",
    "Mounted_on": "/snap/core/7169",
    "Use_": "100%",
    "Used": "90624",
    "_1K_blocks": "90624"
  },
  {
    "Available": "1833563952",
    "Filesystem": "/dev/sda1",
    "Mounted_on": "/media/mrbruno/ExtraDrive1",
    "Use_": "5%",
    "Used": "89147392",
    "_1K_blocks": "1922727728"
  },
  {
    "Available": "1631560",
    "Filesystem": "tmpfs",
    "Mounted_on": "/run/user/125",
    "Use_": "1%",
    "Used": "16",
    "_1K_blocks": "1631576"
  },
  {
    "Available": "1631516",
    "Filesystem": "tmpfs",
    "Mounted_on": "/run/user/1000",
    "Use_": "1%",
    "Used": "60",
    "_1K_blocks": "1631576"
  }
]
