| datetime | group | l | name | perms | size | user |
| - | - | - | - | - | - | - |
| Jun 29 08:43 | mrbruno | 1 | bin -> toys/bin | lrwxrwxrwx | 8 | mrbruno |
| Aug 11  2017 | mrbruno | 1 | bruno -> /home/mrbruno/extra/bruno | lrwxrwxrwx | 25 | mrbruno |
| Jan 27  2018 | mrbruno | 2 | Desktop | drwxr-xr-x | 4096 | mrbruno |
| Aug  4  2017 | mrbruno | 1 | Documents -> /home/mrbruno/extra/Documents | lrwxrwxrwx | 29 | mrbruno |
| Aug  4  2017 | mrbruno | 1 | downloads -> Downloads | lrwxrwxrwx | 9 | mrbruno |
| Aug  4  2017 | mrbruno | 1 | Downloads -> /home/mrbruno/extra/Downloads | lrwxrwxrwx | 29 | mrbruno |
| Jun 14 16:56 | mrbruno | 2 | drive-download-20190614T205316Z-001 | drwxr-xr-x | 4096 | mrbruno |
| Aug  4  2017 | mrbruno | 1 | examples.desktop | -rw-r--r-- | 8980 | mrbruno |
| Aug  4  2017 | mrbruno | 1 | extra -> /media/mrbruno/ExtraDrive1 | lrwxrwxrwx | 26 | mrbruno |
| Nov  5  2017 | mrbruno | 1 | extraDrivePath.txt | -rw-r--r-- | 27 | mrbruno |
| Jun 29 08:45 | mrbruno | 1 | fun -> repos/fun | lrwxrwxrwx | 9 | mrbruno |
| Aug  5  2017 | mrbruno | 1 | git-personal_access_token.txt | -r-------- | 41 | mrbruno |
| Mar  2 16:01 | mrbruno | 2 | hexchat-scripts | drwxr-xr-x | 4096 | mrbruno |
| Feb 17 07:21 | mrbruno | 2 | misc | drwxr-xr-x | 4096 | mrbruno |
| Aug  4  2017 | mrbruno | 1 | Music -> /home/mrbruno/extra/Music | lrwxrwxrwx | 25 | mrbruno |
| Feb 24  2018 | mrbruno | 1 | nohup.out | -rw------- | 45 | mrbruno |
| Aug  4  2017 | mrbruno | 1 | Pictures -> /home/mrbruno/extra/Pictures | lrwxrwxrwx | 28 | mrbruno |
| Apr 21 00:00 | mrbruno | 2 | pinger | drwxr-xr-x | 24576 | mrbruno |
| Aug  4  2017 | mrbruno | 2 | Public | drwxr-xr-x | 4096 | mrbruno |
| Jun 29 08:44 | mrbruno | 1 | python -> /home/mrbruno/repos/fun | lrwxrwxrwx | 23 | mrbruno |
| Jun 29 08:40 | mrbruno | 1 | repos -> /home/mrbruno/extra/repos | lrwxrwxrwx | 25 | mrbruno |
| Jul 17  2018 | mrbruno | 1 | Screenshot from 2018-07-17 05-46-03.png | -rw-rw-r-- | 269322 | mrbruno |
| Sep 14  2018 | mrbruno | 1 | Screenshot from 2018-09-14 15-06-56.png | -rw-rw-r-- | 49616 | mrbruno |
| Jun 15 07:47 | mrbruno | 6 | snap | drwxr-xr-x | 4096 | mrbruno |
| Aug  5  2017 | mrbruno | 1 | tarballs -> /home/mrbruno/extra/tarballs | lrwxrwxrwx | 28 | mrbruno |
| Aug  4  2017 | mrbruno | 2 | Templates | drwxr-xr-x | 4096 | mrbruno |
| Aug  4  2017 | mrbruno | 1 | tmp -> /home/mrbruno/extra/tmp | lrwxrwxrwx | 23 | mrbruno |
| Jun 29 08:42 | mrbruno | 1 | toys -> repos/toys | lrwxrwxrwx | 10 | mrbruno |
| Aug  4  2017 | mrbruno | 1 | Videos -> /home/mrbruno/extra/Videos | lrwxrwxrwx | 26 | mrbruno |
| Jun  8 08:19 | mrbruno | 3 | VirtualBox VMs | drwxrwxr-x | 4096 | mrbruno |
| Nov 19  2017 | mrbruno | 2 | Webcam | drwxrwxr-x | 4096 | mrbruno |
