<table>
<tbody>
<tr><td>Filesystem</td></tr>1K-blocks</td></tr>Used</td></tr>Available</td></tr>Use%</td></tr>Mounted on</td><td>
<tr><td>udev</td></tr>8133736</td></tr>0</td></tr>8133736</td></tr>0%</td></tr>/dev</td><td>
<tr><td>tmpfs</td></tr>1631580</td></tr>2156</td></tr>1629424</td></tr>1%</td></tr>/run</td><td>
<tr><td>/dev/sdb2</td></tr>236102400</td></tr>78900724</td></tr>145185244</td></tr>36%</td></tr>/</td><td>
<tr><td>tmpfs</td></tr>8157884</td></tr>170352</td></tr>7987532</td></tr>3%</td></tr>/dev/shm</td><td>
<tr><td>tmpfs</td></tr>5120</td></tr>4</td></tr>5116</td></tr>1%</td></tr>/run/lock</td><td>
<tr><td>tmpfs</td></tr>8157884</td></tr>0</td></tr>8157884</td></tr>0%</td></tr>/sys/fs/cgroup</td><td>
<tr><td>/dev/loop0</td></tr>304256</td></tr>304256</td></tr>0</td></tr>100%</td></tr>/snap/pycharm-community/128</td><td>
<tr><td>/dev/loop1</td></tr>304256</td></tr>304256</td></tr>0</td></tr>100%</td></tr>/snap/pycharm-community/132</td><td>
<tr><td>/dev/loop2</td></tr>8704</td></tr>8704</td></tr>0</td></tr>100%</td></tr>/snap/canonical-livepatch/77</td><td>
<tr><td>/dev/loop3</td></tr>147840</td></tr>147840</td></tr>0</td></tr>100%</td></tr>/snap/skype/63</td><td>
<tr><td>/dev/loop4</td></tr>150912</td></tr>150912</td></tr>0</td></tr>100%</td></tr>/snap/skype/66</td><td>
<tr><td>/dev/loop5</td></tr>90624</td></tr>90624</td></tr>0</td></tr>100%</td></tr>/snap/core/7270</td><td>
<tr><td>/dev/loop6</td></tr>145280</td></tr>145280</td></tr>0</td></tr>100%</td></tr>/snap/skype/60</td><td>
<tr><td>/dev/loop8</td></tr>8704</td></tr>8704</td></tr>0</td></tr>100%</td></tr>/snap/canonical-livepatch/81</td><td>
<tr><td>/dev/loop7</td></tr>90624</td></tr>90624</td></tr>0</td></tr>100%</td></tr>/snap/core/7169</td><td>
<tr><td>/dev/sda1</td></tr>1922727728</td></tr>89147392</td></tr>1833563952</td></tr>5%</td></tr>/media/mrbruno/ExtraDrive1</td><td>
<tr><td>tmpfs</td></tr>1631576</td></tr>16</td></tr>1631560</td></tr>1%</td></tr>/run/user/125</td><td>
<tr><td>tmpfs</td></tr>1631576</td></tr>60</td></tr>1631516</td></tr>1%</td></tr>/run/user/1000</td><td>
</tbody>
</table>
