[table]
[tr][td]perms[/td][/tr]l[/td][/tr]user[/td][/tr]group[/td][/tr]size[/td][/tr]datetime[/td][/tr]name[/td][td]
[tr][td]lrwxrwxrwx[/td][/tr]1[/td][/tr]mrbruno[/td][/tr]mrbruno[/td][/tr]8[/td][/tr]Jun 29 08:43[/td][/tr]bin -> toys/bin[/td][td]
[tr][td]lrwxrwxrwx[/td][/tr]1[/td][/tr]mrbruno[/td][/tr]mrbruno[/td][/tr]25[/td][/tr]Aug 11  2017[/td][/tr]bruno -> /home/mrbruno/extra/bruno[/td][td]
[tr][td]drwxr-xr-x[/td][/tr]2[/td][/tr]mrbruno[/td][/tr]mrbruno[/td][/tr]4096[/td][/tr]Jan 27  2018[/td][/tr]Desktop[/td][td]
[tr][td]lrwxrwxrwx[/td][/tr]1[/td][/tr]mrbruno[/td][/tr]mrbruno[/td][/tr]29[/td][/tr]Aug  4  2017[/td][/tr]Documents -> /home/mrbruno/extra/Documents[/td][td]
[tr][td]lrwxrwxrwx[/td][/tr]1[/td][/tr]mrbruno[/td][/tr]mrbruno[/td][/tr]9[/td][/tr]Aug  4  2017[/td][/tr]downloads -> Downloads[/td][td]
[tr][td]lrwxrwxrwx[/td][/tr]1[/td][/tr]mrbruno[/td][/tr]mrbruno[/td][/tr]29[/td][/tr]Aug  4  2017[/td][/tr]Downloads -> /home/mrbruno/extra/Downloads[/td][td]
[tr][td]drwxr-xr-x[/td][/tr]2[/td][/tr]mrbruno[/td][/tr]mrbruno[/td][/tr]4096[/td][/tr]Jun 14 16:56[/td][/tr]drive-download-20190614T205316Z-001[/td][td]
[tr][td]-rw-r--r--[/td][/tr]1[/td][/tr]mrbruno[/td][/tr]mrbruno[/td][/tr]8980[/td][/tr]Aug  4  2017[/td][/tr]examples.desktop[/td][td]
[tr][td]lrwxrwxrwx[/td][/tr]1[/td][/tr]mrbruno[/td][/tr]mrbruno[/td][/tr]26[/td][/tr]Aug  4  2017[/td][/tr]extra -> /media/mrbruno/ExtraDrive1[/td][td]
[tr][td]-rw-r--r--[/td][/tr]1[/td][/tr]mrbruno[/td][/tr]mrbruno[/td][/tr]27[/td][/tr]Nov  5  2017[/td][/tr]extraDrivePath.txt[/td][td]
[tr][td]lrwxrwxrwx[/td][/tr]1[/td][/tr]mrbruno[/td][/tr]mrbruno[/td][/tr]9[/td][/tr]Jun 29 08:45[/td][/tr]fun -> repos/fun[/td][td]
[tr][td]-r--------[/td][/tr]1[/td][/tr]mrbruno[/td][/tr]mrbruno[/td][/tr]41[/td][/tr]Aug  5  2017[/td][/tr]git-personal_access_token.txt[/td][td]
[tr][td]drwxr-xr-x[/td][/tr]2[/td][/tr]mrbruno[/td][/tr]mrbruno[/td][/tr]4096[/td][/tr]Mar  2 16:01[/td][/tr]hexchat-scripts[/td][td]
[tr][td]drwxr-xr-x[/td][/tr]2[/td][/tr]mrbruno[/td][/tr]mrbruno[/td][/tr]4096[/td][/tr]Feb 17 07:21[/td][/tr]misc[/td][td]
[tr][td]lrwxrwxrwx[/td][/tr]1[/td][/tr]mrbruno[/td][/tr]mrbruno[/td][/tr]25[/td][/tr]Aug  4  2017[/td][/tr]Music -> /home/mrbruno/extra/Music[/td][td]
[tr][td]-rw-------[/td][/tr]1[/td][/tr]mrbruno[/td][/tr]mrbruno[/td][/tr]45[/td][/tr]Feb 24  2018[/td][/tr]nohup.out[/td][td]
[tr][td]lrwxrwxrwx[/td][/tr]1[/td][/tr]mrbruno[/td][/tr]mrbruno[/td][/tr]28[/td][/tr]Aug  4  2017[/td][/tr]Pictures -> /home/mrbruno/extra/Pictures[/td][td]
[tr][td]drwxr-xr-x[/td][/tr]2[/td][/tr]mrbruno[/td][/tr]mrbruno[/td][/tr]24576[/td][/tr]Apr 21 00:00[/td][/tr]pinger[/td][td]
[tr][td]drwxr-xr-x[/td][/tr]2[/td][/tr]mrbruno[/td][/tr]mrbruno[/td][/tr]4096[/td][/tr]Aug  4  2017[/td][/tr]Public[/td][td]
[tr][td]lrwxrwxrwx[/td][/tr]1[/td][/tr]mrbruno[/td][/tr]mrbruno[/td][/tr]23[/td][/tr]Jun 29 08:44[/td][/tr]python -> /home/mrbruno/repos/fun[/td][td]
[tr][td]lrwxrwxrwx[/td][/tr]1[/td][/tr]mrbruno[/td][/tr]mrbruno[/td][/tr]25[/td][/tr]Jun 29 08:40[/td][/tr]repos -> /home/mrbruno/extra/repos[/td][td]
[tr][td]-rw-rw-r--[/td][/tr]1[/td][/tr]mrbruno[/td][/tr]mrbruno[/td][/tr]269322[/td][/tr]Jul 17  2018[/td][/tr]Screenshot from 2018-07-17 05-46-03.png[/td][td]
[tr][td]-rw-rw-r--[/td][/tr]1[/td][/tr]mrbruno[/td][/tr]mrbruno[/td][/tr]49616[/td][/tr]Sep 14  2018[/td][/tr]Screenshot from 2018-09-14 15-06-56.png[/td][td]
[tr][td]drwxr-xr-x[/td][/tr]6[/td][/tr]mrbruno[/td][/tr]mrbruno[/td][/tr]4096[/td][/tr]Jun 15 07:47[/td][/tr]snap[/td][td]
[tr][td]lrwxrwxrwx[/td][/tr]1[/td][/tr]mrbruno[/td][/tr]mrbruno[/td][/tr]28[/td][/tr]Aug  5  2017[/td][/tr]tarballs -> /home/mrbruno/extra/tarballs[/td][td]
[tr][td]drwxr-xr-x[/td][/tr]2[/td][/tr]mrbruno[/td][/tr]mrbruno[/td][/tr]4096[/td][/tr]Aug  4  2017[/td][/tr]Templates[/td][td]
[tr][td]lrwxrwxrwx[/td][/tr]1[/td][/tr]mrbruno[/td][/tr]mrbruno[/td][/tr]23[/td][/tr]Aug  4  2017[/td][/tr]tmp -> /home/mrbruno/extra/tmp[/td][td]
[tr][td]lrwxrwxrwx[/td][/tr]1[/td][/tr]mrbruno[/td][/tr]mrbruno[/td][/tr]10[/td][/tr]Jun 29 08:42[/td][/tr]toys -> repos/toys[/td][td]
[tr][td]lrwxrwxrwx[/td][/tr]1[/td][/tr]mrbruno[/td][/tr]mrbruno[/td][/tr]26[/td][/tr]Aug  4  2017[/td][/tr]Videos -> /home/mrbruno/extra/Videos[/td][td]
[tr][td]drwxrwxr-x[/td][/tr]3[/td][/tr]mrbruno[/td][/tr]mrbruno[/td][/tr]4096[/td][/tr]Jun  8 08:19[/td][/tr]VirtualBox VMs[/td][td]
[tr][td]drwxrwxr-x[/td][/tr]2[/td][/tr]mrbruno[/td][/tr]mrbruno[/td][/tr]4096[/td][/tr]Nov 19  2017[/td][/tr]Webcam[/td][td]
[/table]
