<table>
<tbody>
<tr><th>datetime</th><th>group</th><th>l</th><th>name</th><th>perms</th><th>size</th><th>user</th></tr>
<tr><td>Jun 29 08:43</td><td>mrbruno</td><td>1</td><td>bin -> toys/bin</td><td>lrwxrwxrwx</td><td>8</td><td>mrbruno</td></tr>
<tr><td>Aug 11  2017</td><td>mrbruno</td><td>1</td><td>bruno -> /home/mrbruno/extra/bruno</td><td>lrwxrwxrwx</td><td>25</td><td>mrbruno</td></tr>
<tr><td>Jan 27  2018</td><td>mrbruno</td><td>2</td><td>Desktop</td><td>drwxr-xr-x</td><td>4096</td><td>mrbruno</td></tr>
<tr><td>Aug  4  2017</td><td>mrbruno</td><td>1</td><td>Documents -> /home/mrbruno/extra/Documents</td><td>lrwxrwxrwx</td><td>29</td><td>mrbruno</td></tr>
<tr><td>Aug  4  2017</td><td>mrbruno</td><td>1</td><td>downloads -> Downloads</td><td>lrwxrwxrwx</td><td>9</td><td>mrbruno</td></tr>
<tr><td>Aug  4  2017</td><td>mrbruno</td><td>1</td><td>Downloads -> /home/mrbruno/extra/Downloads</td><td>lrwxrwxrwx</td><td>29</td><td>mrbruno</td></tr>
<tr><td>Jun 14 16:56</td><td>mrbruno</td><td>2</td><td>drive-download-20190614T205316Z-001</td><td>drwxr-xr-x</td><td>4096</td><td>mrbruno</td></tr>
<tr><td>Aug  4  2017</td><td>mrbruno</td><td>1</td><td>examples.desktop</td><td>-rw-r--r--</td><td>8980</td><td>mrbruno</td></tr>
<tr><td>Aug  4  2017</td><td>mrbruno</td><td>1</td><td>extra -> /media/mrbruno/ExtraDrive1</td><td>lrwxrwxrwx</td><td>26</td><td>mrbruno</td></tr>
<tr><td>Nov  5  2017</td><td>mrbruno</td><td>1</td><td>extraDrivePath.txt</td><td>-rw-r--r--</td><td>27</td><td>mrbruno</td></tr>
<tr><td>Jun 29 08:45</td><td>mrbruno</td><td>1</td><td>fun -> repos/fun</td><td>lrwxrwxrwx</td><td>9</td><td>mrbruno</td></tr>
<tr><td>Aug  5  2017</td><td>mrbruno</td><td>1</td><td>git-personal_access_token.txt</td><td>-r--------</td><td>41</td><td>mrbruno</td></tr>
<tr><td>Mar  2 16:01</td><td>mrbruno</td><td>2</td><td>hexchat-scripts</td><td>drwxr-xr-x</td><td>4096</td><td>mrbruno</td></tr>
<tr><td>Feb 17 07:21</td><td>mrbruno</td><td>2</td><td>misc</td><td>drwxr-xr-x</td><td>4096</td><td>mrbruno</td></tr>
<tr><td>Aug  4  2017</td><td>mrbruno</td><td>1</td><td>Music -> /home/mrbruno/extra/Music</td><td>lrwxrwxrwx</td><td>25</td><td>mrbruno</td></tr>
<tr><td>Feb 24  2018</td><td>mrbruno</td><td>1</td><td>nohup.out</td><td>-rw-------</td><td>45</td><td>mrbruno</td></tr>
<tr><td>Aug  4  2017</td><td>mrbruno</td><td>1</td><td>Pictures -> /home/mrbruno/extra/Pictures</td><td>lrwxrwxrwx</td><td>28</td><td>mrbruno</td></tr>
<tr><td>Apr 21 00:00</td><td>mrbruno</td><td>2</td><td>pinger</td><td>drwxr-xr-x</td><td>24576</td><td>mrbruno</td></tr>
<tr><td>Aug  4  2017</td><td>mrbruno</td><td>2</td><td>Public</td><td>drwxr-xr-x</td><td>4096</td><td>mrbruno</td></tr>
<tr><td>Jun 29 08:44</td><td>mrbruno</td><td>1</td><td>python -> /home/mrbruno/repos/fun</td><td>lrwxrwxrwx</td><td>23</td><td>mrbruno</td></tr>
<tr><td>Jun 29 08:40</td><td>mrbruno</td><td>1</td><td>repos -> /home/mrbruno/extra/repos</td><td>lrwxrwxrwx</td><td>25</td><td>mrbruno</td></tr>
<tr><td>Jul 17  2018</td><td>mrbruno</td><td>1</td><td>Screenshot from 2018-07-17 05-46-03.png</td><td>-rw-rw-r--</td><td>269322</td><td>mrbruno</td></tr>
<tr><td>Sep 14  2018</td><td>mrbruno</td><td>1</td><td>Screenshot from 2018-09-14 15-06-56.png</td><td>-rw-rw-r--</td><td>49616</td><td>mrbruno</td></tr>
<tr><td>Jun 15 07:47</td><td>mrbruno</td><td>6</td><td>snap</td><td>drwxr-xr-x</td><td>4096</td><td>mrbruno</td></tr>
<tr><td>Aug  5  2017</td><td>mrbruno</td><td>1</td><td>tarballs -> /home/mrbruno/extra/tarballs</td><td>lrwxrwxrwx</td><td>28</td><td>mrbruno</td></tr>
<tr><td>Aug  4  2017</td><td>mrbruno</td><td>2</td><td>Templates</td><td>drwxr-xr-x</td><td>4096</td><td>mrbruno</td></tr>
<tr><td>Aug  4  2017</td><td>mrbruno</td><td>1</td><td>tmp -> /home/mrbruno/extra/tmp</td><td>lrwxrwxrwx</td><td>23</td><td>mrbruno</td></tr>
<tr><td>Jun 29 08:42</td><td>mrbruno</td><td>1</td><td>toys -> repos/toys</td><td>lrwxrwxrwx</td><td>10</td><td>mrbruno</td></tr>
<tr><td>Aug  4  2017</td><td>mrbruno</td><td>1</td><td>Videos -> /home/mrbruno/extra/Videos</td><td>lrwxrwxrwx</td><td>26</td><td>mrbruno</td></tr>
<tr><td>Jun  8 08:19</td><td>mrbruno</td><td>3</td><td>VirtualBox VMs</td><td>drwxrwxr-x</td><td>4096</td><td>mrbruno</td></tr>
<tr><td>Nov 19  2017</td><td>mrbruno</td><td>2</td><td>Webcam</td><td>drwxrwxr-x</td><td>4096</td><td>mrbruno</td></tr>
</tbody>
</table>
