- {datetime: 'Jun 29 08:43', group: mrbruno, l: '1', name: bin -> toys/bin, perms: lrwxrwxrwx,
  size: '8', user: mrbruno}
- {datetime: Aug 11  2017, group: mrbruno, l: '1', name: bruno -> /home/mrbruno/extra/bruno,
  perms: lrwxrwxrwx, size: '25', user: mrbruno}
- {datetime: Jan 27  2018, group: mrbruno, l: '2', name: Desktop, perms: drwxr-xr-x,
  size: '4096', user: mrbruno}
- {datetime: Aug  4  2017, group: mrbruno, l: '1', name: Documents -> /home/mrbruno/extra/Documents,
  perms: lrwxrwxrwx, size: '29', user: mrbruno}
- {datetime: Aug  4  2017, group: mrbruno, l: '1', name: downloads -> Downloads, perms: lrwxrwxrwx,
  size: '9', user: mrbruno}
- {datetime: Aug  4  2017, group: mrbruno, l: '1', name: Downloads -> /home/mrbruno/extra/Downloads,
  perms: lrwxrwxrwx, size: '29', user: mrbruno}
- {datetime: 'Jun 14 16:56', group: mrbruno, l: '2', name: drive-download-20190614T205316Z-001,
  perms: drwxr-xr-x, size: '4096', user: mrbruno}
- {datetime: Aug  4  2017, group: mrbruno, l: '1', name: examples.desktop, perms: -rw-r--r--,
  size: '8980', user: mrbruno}
- {datetime: Aug  4  2017, group: mrbruno, l: '1', name: extra -> /media/mrbruno/ExtraDrive1,
  perms: lrwxrwxrwx, size: '26', user: mrbruno}
- {datetime: Nov  5  2017, group: mrbruno, l: '1', name: extraDrivePath.txt, perms: -rw-r--r--,
  size: '27', user: mrbruno}
- {datetime: 'Jun 29 08:45', group: mrbruno, l: '1', name: fun -> repos/fun, perms: lrwxrwxrwx,
  size: '9', user: mrbruno}
- {datetime: Aug  5  2017, group: mrbruno, l: '1', name: git-personal_access_token.txt,
  perms: -r--------, size: '41', user: mrbruno}
- {datetime: 'Mar  2 16:01', group: mrbruno, l: '2', name: hexchat-scripts, perms: drwxr-xr-x,
  size: '4096', user: mrbruno}
- {datetime: 'Feb 17 07:21', group: mrbruno, l: '2', name: misc, perms: drwxr-xr-x,
  size: '4096', user: mrbruno}
- {datetime: Aug  4  2017, group: mrbruno, l: '1', name: Music -> /home/mrbruno/extra/Music,
  perms: lrwxrwxrwx, size: '25', user: mrbruno}
- {datetime: Feb 24  2018, group: mrbruno, l: '1', name: nohup.out, perms: -rw-------,
  size: '45', user: mrbruno}
- {datetime: Aug  4  2017, group: mrbruno, l: '1', name: Pictures -> /home/mrbruno/extra/Pictures,
  perms: lrwxrwxrwx, size: '28', user: mrbruno}
- {datetime: 'Apr 21 00:00', group: mrbruno, l: '2', name: pinger, perms: drwxr-xr-x,
  size: '24576', user: mrbruno}
- {datetime: Aug  4  2017, group: mrbruno, l: '2', name: Public, perms: drwxr-xr-x,
  size: '4096', user: mrbruno}
- {datetime: 'Jun 29 08:44', group: mrbruno, l: '1', name: python -> /home/mrbruno/repos/fun,
  perms: lrwxrwxrwx, size: '23', user: mrbruno}
- {datetime: 'Jun 29 08:40', group: mrbruno, l: '1', name: repos -> /home/mrbruno/extra/repos,
  perms: lrwxrwxrwx, size: '25', user: mrbruno}
- {datetime: Jul 17  2018, group: mrbruno, l: '1', name: Screenshot from 2018-07-17
    05-46-03.png, perms: -rw-rw-r--, size: '269322', user: mrbruno}
- {datetime: Sep 14  2018, group: mrbruno, l: '1', name: Screenshot from 2018-09-14
    15-06-56.png, perms: -rw-rw-r--, size: '49616', user: mrbruno}
- {datetime: 'Jun 15 07:47', group: mrbruno, l: '6', name: snap, perms: drwxr-xr-x,
  size: '4096', user: mrbruno}
- {datetime: Aug  5  2017, group: mrbruno, l: '1', name: tarballs -> /home/mrbruno/extra/tarballs,
  perms: lrwxrwxrwx, size: '28', user: mrbruno}
- {datetime: Aug  4  2017, group: mrbruno, l: '2', name: Templates, perms: drwxr-xr-x,
  size: '4096', user: mrbruno}
- {datetime: Aug  4  2017, group: mrbruno, l: '1', name: tmp -> /home/mrbruno/extra/tmp,
  perms: lrwxrwxrwx, size: '23', user: mrbruno}
- {datetime: 'Jun 29 08:42', group: mrbruno, l: '1', name: toys -> repos/toys, perms: lrwxrwxrwx,
  size: '10', user: mrbruno}
- {datetime: Aug  4  2017, group: mrbruno, l: '1', name: Videos -> /home/mrbruno/extra/Videos,
  perms: lrwxrwxrwx, size: '26', user: mrbruno}
- {datetime: 'Jun  8 08:19', group: mrbruno, l: '3', name: VirtualBox VMs, perms: drwxrwxr-x,
  size: '4096', user: mrbruno}
- {datetime: Nov 19  2017, group: mrbruno, l: '2', name: Webcam, perms: drwxrwxr-x,
  size: '4096', user: mrbruno}
