[table]
[tr][td]perms[/td][td]l[/td][td]user[/td][td]group[/td][td]size[/td][td]datetime[/td][td]name[/td][/tr]
[tr][td]lrwxrwxrwx[/td][td]1[/td][td]mrbruno[/td][td]mrbruno[/td][td]8[/td][td]Jun 29 08:43[/td][td]bin -> toys/bin[/td][/tr]
[tr][td]lrwxrwxrwx[/td][td]1[/td][td]mrbruno[/td][td]mrbruno[/td][td]25[/td][td]Aug 11  2017[/td][td]bruno -> /home/mrbruno/extra/bruno[/td][/tr]
[tr][td]drwxr-xr-x[/td][td]2[/td][td]mrbruno[/td][td]mrbruno[/td][td]4096[/td][td]Jan 27  2018[/td][td]Desktop[/td][/tr]
[tr][td]lrwxrwxrwx[/td][td]1[/td][td]mrbruno[/td][td]mrbruno[/td][td]29[/td][td]Aug  4  2017[/td][td]Documents -> /home/mrbruno/extra/Documents[/td][/tr]
[tr][td]lrwxrwxrwx[/td][td]1[/td][td]mrbruno[/td][td]mrbruno[/td][td]9[/td][td]Aug  4  2017[/td][td]downloads -> Downloads[/td][/tr]
[tr][td]lrwxrwxrwx[/td][td]1[/td][td]mrbruno[/td][td]mrbruno[/td][td]29[/td][td]Aug  4  2017[/td][td]Downloads -> /home/mrbruno/extra/Downloads[/td][/tr]
[tr][td]drwxr-xr-x[/td][td]2[/td][td]mrbruno[/td][td]mrbruno[/td][td]4096[/td][td]Jun 14 16:56[/td][td]drive-download-20190614T205316Z-001[/td][/tr]
[tr][td]-rw-r--r--[/td][td]1[/td][td]mrbruno[/td][td]mrbruno[/td][td]8980[/td][td]Aug  4  2017[/td][td]examples.desktop[/td][/tr]
[tr][td]lrwxrwxrwx[/td][td]1[/td][td]mrbruno[/td][td]mrbruno[/td][td]26[/td][td]Aug  4  2017[/td][td]extra -> /media/mrbruno/ExtraDrive1[/td][/tr]
[tr][td]-rw-r--r--[/td][td]1[/td][td]mrbruno[/td][td]mrbruno[/td][td]27[/td][td]Nov  5  2017[/td][td]extraDrivePath.txt[/td][/tr]
[tr][td]lrwxrwxrwx[/td][td]1[/td][td]mrbruno[/td][td]mrbruno[/td][td]9[/td][td]Jun 29 08:45[/td][td]fun -> repos/fun[/td][/tr]
[tr][td]-r--------[/td][td]1[/td][td]mrbruno[/td][td]mrbruno[/td][td]41[/td][td]Aug  5  2017[/td][td]git-personal_access_token.txt[/td][/tr]
[tr][td]drwxr-xr-x[/td][td]2[/td][td]mrbruno[/td][td]mrbruno[/td][td]4096[/td][td]Mar  2 16:01[/td][td]hexchat-scripts[/td][/tr]
[tr][td]drwxr-xr-x[/td][td]2[/td][td]mrbruno[/td][td]mrbruno[/td][td]4096[/td][td]Feb 17 07:21[/td][td]misc[/td][/tr]
[tr][td]lrwxrwxrwx[/td][td]1[/td][td]mrbruno[/td][td]mrbruno[/td][td]25[/td][td]Aug  4  2017[/td][td]Music -> /home/mrbruno/extra/Music[/td][/tr]
[tr][td]-rw-------[/td][td]1[/td][td]mrbruno[/td][td]mrbruno[/td][td]45[/td][td]Feb 24  2018[/td][td]nohup.out[/td][/tr]
[tr][td]lrwxrwxrwx[/td][td]1[/td][td]mrbruno[/td][td]mrbruno[/td][td]28[/td][td]Aug  4  2017[/td][td]Pictures -> /home/mrbruno/extra/Pictures[/td][/tr]
[tr][td]drwxr-xr-x[/td][td]2[/td][td]mrbruno[/td][td]mrbruno[/td][td]24576[/td][td]Apr 21 00:00[/td][td]pinger[/td][/tr]
[tr][td]drwxr-xr-x[/td][td]2[/td][td]mrbruno[/td][td]mrbruno[/td][td]4096[/td][td]Aug  4  2017[/td][td]Public[/td][/tr]
[tr][td]lrwxrwxrwx[/td][td]1[/td][td]mrbruno[/td][td]mrbruno[/td][td]23[/td][td]Jun 29 08:44[/td][td]python -> /home/mrbruno/repos/fun[/td][/tr]
[tr][td]lrwxrwxrwx[/td][td]1[/td][td]mrbruno[/td][td]mrbruno[/td][td]25[/td][td]Jun 29 08:40[/td][td]repos -> /home/mrbruno/extra/repos[/td][/tr]
[tr][td]-rw-rw-r--[/td][td]1[/td][td]mrbruno[/td][td]mrbruno[/td][td]269322[/td][td]Jul 17  2018[/td][td]Screenshot from 2018-07-17 05-46-03.png[/td][/tr]
[tr][td]-rw-rw-r--[/td][td]1[/td][td]mrbruno[/td][td]mrbruno[/td][td]49616[/td][td]Sep 14  2018[/td][td]Screenshot from 2018-09-14 15-06-56.png[/td][/tr]
[tr][td]drwxr-xr-x[/td][td]6[/td][td]mrbruno[/td][td]mrbruno[/td][td]4096[/td][td]Jun 15 07:47[/td][td]snap[/td][/tr]
[tr][td]lrwxrwxrwx[/td][td]1[/td][td]mrbruno[/td][td]mrbruno[/td][td]28[/td][td]Aug  5  2017[/td][td]tarballs -> /home/mrbruno/extra/tarballs[/td][/tr]
[tr][td]drwxr-xr-x[/td][td]2[/td][td]mrbruno[/td][td]mrbruno[/td][td]4096[/td][td]Aug  4  2017[/td][td]Templates[/td][/tr]
[tr][td]lrwxrwxrwx[/td][td]1[/td][td]mrbruno[/td][td]mrbruno[/td][td]23[/td][td]Aug  4  2017[/td][td]tmp -> /home/mrbruno/extra/tmp[/td][/tr]
[tr][td]lrwxrwxrwx[/td][td]1[/td][td]mrbruno[/td][td]mrbruno[/td][td]10[/td][td]Jun 29 08:42[/td][td]toys -> repos/toys[/td][/tr]
[tr][td]lrwxrwxrwx[/td][td]1[/td][td]mrbruno[/td][td]mrbruno[/td][td]26[/td][td]Aug  4  2017[/td][td]Videos -> /home/mrbruno/extra/Videos[/td][/tr]
[tr][td]drwxrwxr-x[/td][td]3[/td][td]mrbruno[/td][td]mrbruno[/td][td]4096[/td][td]Jun  8 08:19[/td][td]VirtualBox VMs[/td][/tr]
[tr][td]drwxrwxr-x[/td][td]2[/td][td]mrbruno[/td][td]mrbruno[/td][td]4096[/td][td]Nov 19  2017[/td][td]Webcam[/td][/tr]
[/table]
